// Vitest Snapshot v1, https://vitest.dev/guide/snapshot.html

exports[`published corpus composition > matches the reviewed snapshot 1`] = `
{
  "asnafTags": {
    "fisabilillah": 43,
    "fuqara": 81,
    "masakin": 81,
    "muallaf": 22,
    "none": 71,
  },
  "causeKey": {
    "ADVOCACY_CIVIC": 3,
    "BASIC_NEEDS": 7,
    "CIVIL_RIGHTS_LEGAL": 16,
    "EDUCATION_HIGHER_RELIGIOUS": 6,
    "EDUCATION_INTERNATIONAL": 8,
    "EDUCATION_K12_RELIGIOUS": 7,
    "ENVIRONMENT_CLIMATE": 6,
    "HUMANITARIAN": 35,
    "MEDIA_JOURNALISM": 2,
    "MEDICAL_HEALTH": 14,
    "PHILANTHROPY_GRANTMAKING": 13,
    "RELIGIOUS_CONGREGATION": 22,
    "RELIGIOUS_OUTREACH": 7,
    "RESEARCH_POLICY": 6,
    "SOCIAL_SERVICES": 6,
    "WOMENS_SERVICES": 4,
  },
  "muslimLed": 120,
  "regionTags": {
    "afghanistan": 11,
    "bangladesh": 20,
    "egypt": 5,
    "ethiopia": 3,
    "haiti": 7,
    "india": 14,
    "indonesia": 8,
    "iraq": 5,
    "jordan": 12,
    "kenya": 9,
    "lebanon": 21,
    "malaysia": 1,
    "myanmar": 4,
    "nigeria": 4,
    "none": 45,
    "pakistan": 32,
    "palestine": 31,
    "somalia": 12,
    "south-africa": 4,
    "sudan": 22,
    "syria": 20,
    "turkey": 7,
    "ukraine": 8,
    "usa": 73,
    "yemen": 16,
  },
  "sizeBand": {
    "10to100m": 36,
    "1to10m": 72,
    "gte100m": 23,
    "lt1m": 26,
    "unbanded": 5,
  },
  "total": 162,
}
`;
